../Drivers/CMSIS/Include/core_cm7.h:2464:22:SCB_InvalidateDCache_by_Addr	32	static,ignoring_inline_asm
../LWIP/Target/ethernetif.c:157:6:HAL_ETH_RxCpltCallback	16	static
../LWIP/Target/ethernetif.c:166:6:HAL_ETH_TxCpltCallback	16	static
../LWIP/Target/ethernetif.c:175:6:HAL_ETH_ErrorCallback	16	static
../LWIP/Target/ethernetif.c:197:13:low_level_init	176	static
../LWIP/Target/ethernetif.c:366:14:low_level_output	80	static
../LWIP/Target/ethernetif.c:424:22:low_level_input	24	static
../LWIP/Target/ethernetif.c:445:6:ethernetif_input	24	static
../LWIP/Target/ethernetif.c:502:7:ethernetif_init	16	static
../LWIP/Target/ethernetif.c:553:6:pbuf_free_custom	24	static
../LWIP/Target/ethernetif.c:576:7:sys_now	8	static
../LWIP/Target/ethernetif.c:589:6:HAL_ETH_MspInit	64	static
../LWIP/Target/ethernetif.c:644:6:HAL_ETH_MspDeInit	16	static
../LWIP/Target/ethernetif.c:688:9:ETH_PHY_IO_Init	8	static
../LWIP/Target/ethernetif.c:705:9:ETH_PHY_IO_DeInit	4	static
../LWIP/Target/ethernetif.c:717:9:ETH_PHY_IO_ReadReg	24	static
../LWIP/Target/ethernetif.c:734:9:ETH_PHY_IO_WriteReg	24	static
../LWIP/Target/ethernetif.c:748:9:ETH_PHY_IO_GetTick	8	static
../LWIP/Target/ethernetif.c:757:6:ethernet_link_thread	136	static
../LWIP/Target/ethernetif.c:827:6:HAL_ETH_RxAllocateCallback	32	static
../LWIP/Target/ethernetif.c:849:6:HAL_ETH_RxLinkCallback	40	static
../LWIP/Target/ethernetif.c:889:6:HAL_ETH_TxFreeCallback	16	static
